
************* Main Menu **************
* 0.exit 1.PersonManager 2.ch2 3.ch3 *
* 4.ch5 5.PMbyMap 6.MyVectorTest     *
**************************************
menu item? 1
[0] p0 10 70.0 false :Gwangju ,Nam-gu , Bongseon-dong 21:
[1] p1 11 61.1 true :Jong-ro 1-gil,Jongno-gu,   Seoul:
[2] s1 1 65.4 true :Jongno-gu Seoul: Physics 3.8 1
[3] s2 2 54.3 false :Yeonje-gu Busan: Electronics 2.5 4
[4] w1 3 33.3 false :Kangnam-gu Seoul: Samsung Director
[5] w2 4 44.4 true :Dobong-gu Kwangju: Hyundai Manager

=================== Person Management Menu =====================
= 0.exit 1.display 2.clear 3.reset 4.remove 5.copy 6.append    =
= 7.insert 8.login 9.dispStudent(5_3) 10.dispPhone(5_3)        =
= 11.find(6_1) 12.wrapper(6_1) 13.shuffle(6_1) 14.setDate(6_1) =
= 15.chAddress(6_2) 16.collections(7_1)                        =
================================================================
menu item? 8
user name: p0
password: 

++++++++++++++++++++++ Current User Menu ++++++++++++++++++++++++
+ 0.logout 1.display 2.getter 3.setter 4.copy 5.whatAreYouDoing +
+ 6.isSame 7.update 8.chPasswd(4_2) 9.chSmartPhone(5_3)         +
+ 10.clone(5_3) 11.calc(5_3) 12.phoneCall(5_3) 13.chWeight(6_1) +
+ 14.calcString(6_2) 15.memo(6_2)                               +
+++++++++++++++++++++++++++++++++++++++++++++++++++++++++++++++++
menu item? 15

+++++++++++++++++++++ Memo Management Menu +++++++++++++++++++
+ 0.exit 1.display 2.find 3.findReplace 4.compare 5.dispByLn +
+ 6.delLn 7.replLn 8.scrollUp 9.scrollDown 10.inputMemo      +
+ 11.wordCount 12.countWordList                              +
++++++++++++++++++++++++++++++++++++++++++++++++++++++++++++++
menu item? 10
--- input memo lines, and then input empty line at the end ---
This class consists exclusively of static methods 
that operate on or return collections.
It contains polymorphic algorithms that operate on collections, "wrappers",
which return a new collection backed by a specified collection, 
and a few other odds and ends.
The methods of this class all throw a NullPointerException
if the collections or class objects provided to them are null.
The documentation for the polymorphic algorithms 
contained in this class generally includes a brief description of the implementation.
Such descriptions should be regarded as implementation notes,
rather than parts of the specification.
Implementors should feel free to substitute other algorithms, 
so long as the specification itself is adhered to. 
(For example, the algorithm used by sort does not have to be a mergesort, 
but it does have to be stable.)
The "destructive" algorithms contained in this class, that is, 
the algorithms that modify the collection on which they operate, 
are specified to throw UnsupportedOperationException 
if the collection does not support the appropriate mutation primitive(s), 
such as the set method. 
These algorithms may, but are not required to, throw this exception 
if an invocation would have no effect on the collection. 
For example, invoking the sort method on an unmodifiable list 
that is already sorted may or may not throw UnsupportedOperationException.
This class is a member of the Java Collections Framework.


+++++++++++++++++++++ Memo Management Menu +++++++++++++++++++
+ 0.exit 1.display 2.find 3.findReplace 4.compare 5.dispByLn +
+ 6.delLn 7.replLn 8.scrollUp 9.scrollDown 10.inputMemo      +
+ 11.wordCount 12.countWordList                              +
++++++++++++++++++++++++++++++++++++++++++++++++++++++++++++++
menu item? 11
----------------
Word      Count
----------------
The         3
This        2
a           7
algorithms     5
an          2
and         2
are         3
as          3
be          3
but         2
by          2
class       5
collection     3
contained     2
does        3
example,     2
have        3
if          3
in          2
is          3
may         2
methods     2
not         4
of          5
on          5
operate     2
or          3
other       2
polymorphic     2
return      2
should      2
sort        2
specified     2
that        5
the        14
this        4
throw       4
to          5
which       2
----------------

+++++++++++++++++++++ Memo Management Menu +++++++++++++++++++
+ 0.exit 1.display 2.find 3.findReplace 4.compare 5.dispByLn +
+ 6.delLn 7.replLn 8.scrollUp 9.scrollDown 10.inputMemo      +
+ 11.wordCount 12.countWordList                              +
++++++++++++++++++++++++++++++++++++++++++++++++++++++++++++++
menu item? 0

++++++++++++++++++++++ Current User Menu ++++++++++++++++++++++++
+ 0.logout 1.display 2.getter 3.setter 4.copy 5.whatAreYouDoing +
+ 6.isSame 7.update 8.chPasswd(4_2) 9.chSmartPhone(5_3)         +
+ 10.clone(5_3) 11.calc(5_3) 12.phoneCall(5_3) 13.chWeight(6_1) +
+ 14.calcString(6_2) 15.memo(6_2)                               +
+++++++++++++++++++++++++++++++++++++++++++++++++++++++++++++++++
menu item? 0

=================== Person Management Menu =====================
= 0.exit 1.display 2.clear 3.reset 4.remove 5.copy 6.append    =
= 7.insert 8.login 9.dispStudent(5_3) 10.dispPhone(5_3)        =
= 11.find(6_1) 12.wrapper(6_1) 13.shuffle(6_1) 14.setDate(6_1) =
= 15.chAddress(6_2) 16.collections(7_1)                        =
================================================================
menu item? 0

************* Main Menu **************
* 0.exit 1.PersonManager 2.ch2 3.ch3 *
* 4.ch5 5.PMbyMap 6.MyVectorTest     *
**************************************
menu item? 0

Good bye!!
