
******* Main Menu ********
* 0.exit 1.PersonManager *
* 2.ch2 3.ch3 4.ch5      *
**************************
menu item? 1
[0] p0 10 70.0 false :Gwangju ,Nam-gu , Bongseon-dong 21:
[1] p1 11 61.1 true :Jong-ro 1-gil,Jongno-gu,   Seoul:
[2] s1 1 65.4 true :Jongno-gu Seoul: Physics 3.8 1
[3] s2 2 54.3 false :Yeonje-gu Busan: Electronics 2.5 4
[4] w1 3 33.3 false :Kangnam-gu Seoul: Samsung Director
[5] w2 4 44.4 true :Dobong-gu Kwangju: Hyundai Manager

======================= Person Management Menu =======================
= 0.exit 1.display 2.clear 3.reset 4.remove 5.copy 6.append 7.insert =
= 8.login 9.dispStudent(5_3) 10.dispPhone(5_3) 11.find(6_1)          =
= 12.wrapper(6_1) 13.shuffle(6_1) 14.setDate(6_1) 15.chAddress(6_2)  =
= 16.sort(7_1) 17.reverse(7_1) 18.binarySearch(7_1)                  =
======================================================================
menu item? 1
[0] p0 10 70.0 false :Gwangju ,Nam-gu , Bongseon-dong 21:
[1] p1 11 61.1 true :Jong-ro 1-gil,Jongno-gu,   Seoul:
[2] s1 1 65.4 true :Jongno-gu Seoul: Physics 3.8 1
[3] s2 2 54.3 false :Yeonje-gu Busan: Electronics 2.5 4
[4] w1 3 33.3 false :Kangnam-gu Seoul: Samsung Director
[5] w2 4 44.4 true :Dobong-gu Kwangju: Hyundai Manager

======================= Person Management Menu =======================
= 0.exit 1.display 2.clear 3.reset 4.remove 5.copy 6.append 7.insert =
= 8.login 9.dispStudent(5_3) 10.dispPhone(5_3) 11.find(6_1)          =
= 12.wrapper(6_1) 13.shuffle(6_1) 14.setDate(6_1) 15.chAddress(6_2)  =
= 16.sort(7_1) 17.reverse(7_1) 18.binarySearch(7_1)                  =
======================================================================
menu item? 5
[0] p0 10 70.0 false :Gwangju ,Nam-gu , Bongseon-dong 21:
[1] p1 11 61.1 true :Jong-ro 1-gil,Jongno-gu,   Seoul:
[2] s1 1 65.4 true :Jongno-gu Seoul: Physics 3.8 1
[3] s2 2 54.3 false :Yeonje-gu Busan: Electronics 2.5 4
[4] w1 3 33.3 false :Kangnam-gu Seoul: Samsung Director
[5] w2 4 44.4 true :Dobong-gu Kwangju: Hyundai Manager
[6] pp0 30 71.0 true :Gwangju ,Nam-gu , Bongseon-dong 21:
[7] pp1 31 62.1 false :Jong-ro 1-gil,Jongno-gu,   Seoul:
[8] ss1 21 66.4 false :Jongno-gu Seoul: Physics 3.8 1
[9] ss2 22 55.3 true :Yeonje-gu Busan: Electronics 2.5 4
[10] ww1 23 34.3 true :Kangnam-gu Seoul: Samsung Director
[11] ww2 24 45.4 false :Dobong-gu Kwangju: Hyundai Manager

======================= Person Management Menu =======================
= 0.exit 1.display 2.clear 3.reset 4.remove 5.copy 6.append 7.insert =
= 8.login 9.dispStudent(5_3) 10.dispPhone(5_3) 11.find(6_1)          =
= 12.wrapper(6_1) 13.shuffle(6_1) 14.setDate(6_1) 15.chAddress(6_2)  =
= 16.sort(7_1) 17.reverse(7_1) 18.binarySearch(7_1)                  =
======================================================================
menu item? 16
[0] p0 10 70.0 false :Gwangju ,Nam-gu , Bongseon-dong 21:
[1] p1 11 61.1 true :Jong-ro 1-gil,Jongno-gu,   Seoul:
[2] pp0 30 71.0 true :Gwangju ,Nam-gu , Bongseon-dong 21:
[3] pp1 31 62.1 false :Jong-ro 1-gil,Jongno-gu,   Seoul:
[4] s1 1 65.4 true :Jongno-gu Seoul: Physics 3.8 1
[5] s2 2 54.3 false :Yeonje-gu Busan: Electronics 2.5 4
[6] ss1 21 66.4 false :Jongno-gu Seoul: Physics 3.8 1
[7] ss2 22 55.3 true :Yeonje-gu Busan: Electronics 2.5 4
[8] w1 3 33.3 false :Kangnam-gu Seoul: Samsung Director
[9] w2 4 44.4 true :Dobong-gu Kwangju: Hyundai Manager
[10] ww1 23 34.3 true :Kangnam-gu Seoul: Samsung Director
[11] ww2 24 45.4 false :Dobong-gu Kwangju: Hyundai Manager

======================= Person Management Menu =======================
= 0.exit 1.display 2.clear 3.reset 4.remove 5.copy 6.append 7.insert =
= 8.login 9.dispStudent(5_3) 10.dispPhone(5_3) 11.find(6_1)          =
= 12.wrapper(6_1) 13.shuffle(6_1) 14.setDate(6_1) 15.chAddress(6_2)  =
= 16.sort(7_1) 17.reverse(7_1) 18.binarySearch(7_1)                  =
======================================================================
menu item? 18
For binary search, it's needed to sort in advance. Name to search? pp
pp is NOT found.

======================= Person Management Menu =======================
= 0.exit 1.display 2.clear 3.reset 4.remove 5.copy 6.append 7.insert =
= 8.login 9.dispStudent(5_3) 10.dispPhone(5_3) 11.find(6_1)          =
= 12.wrapper(6_1) 13.shuffle(6_1) 14.setDate(6_1) 15.chAddress(6_2)  =
= 16.sort(7_1) 17.reverse(7_1) 18.binarySearch(7_1)                  =
======================================================================
menu item? 18
For binary search, it's needed to sort in advance. Name to search? p0
p0 10 70.0 false :Gwangju ,Nam-gu , Bongseon-dong 21:

======================= Person Management Menu =======================
= 0.exit 1.display 2.clear 3.reset 4.remove 5.copy 6.append 7.insert =
= 8.login 9.dispStudent(5_3) 10.dispPhone(5_3) 11.find(6_1)          =
= 12.wrapper(6_1) 13.shuffle(6_1) 14.setDate(6_1) 15.chAddress(6_2)  =
= 16.sort(7_1) 17.reverse(7_1) 18.binarySearch(7_1)                  =
======================================================================
menu item? 18
For binary search, it's needed to sort in advance. Name to search? s2
s2 2 54.3 false :Yeonje-gu Busan: Electronics 2.5 4

======================= Person Management Menu =======================
= 0.exit 1.display 2.clear 3.reset 4.remove 5.copy 6.append 7.insert =
= 8.login 9.dispStudent(5_3) 10.dispPhone(5_3) 11.find(6_1)          =
= 12.wrapper(6_1) 13.shuffle(6_1) 14.setDate(6_1) 15.chAddress(6_2)  =
= 16.sort(7_1) 17.reverse(7_1) 18.binarySearch(7_1)                  =
======================================================================
menu item? 18
For binary search, it's needed to sort in advance. Name to search? w1
w1 3 33.3 false :Kangnam-gu Seoul: Samsung Director

======================= Person Management Menu =======================
= 0.exit 1.display 2.clear 3.reset 4.remove 5.copy 6.append 7.insert =
= 8.login 9.dispStudent(5_3) 10.dispPhone(5_3) 11.find(6_1)          =
= 12.wrapper(6_1) 13.shuffle(6_1) 14.setDate(6_1) 15.chAddress(6_2)  =
= 16.sort(7_1) 17.reverse(7_1) 18.binarySearch(7_1)                  =
======================================================================
menu item? 0

******* Main Menu ********
* 0.exit 1.PersonManager *
* 2.ch2 3.ch3 4.ch5      *
**************************
menu item? 0

Good bye!!
