
************* Main Menu **************
* 0.exit 1.PersonManager 2.ch2 3.ch3 *
* 4.ch5 5.PMbyMap 6.MyVectorTest     *
**************************************
menu item? 1
[0] p0 10 70.0 false :Gwangju ,Nam-gu , Bongseon-dong 21:
[1] p1 11 61.1 true :Jong-ro 1-gil,Jongno-gu,   Seoul:
[2] s1 1 65.4 true :Jongno-gu Seoul: Physics 3.8 1
[3] s2 2 54.3 false :Yeonje-gu Busan: Electronics 2.5 4
[4] w1 3 33.3 false :Kangnam-gu Seoul: Samsung Director
[5] w2 4 44.4 true :Dobong-gu Kwangju: Hyundai Manager

=================== Person Management Menu =====================
= 0.exit 1.display 2.clear 3.reset 4.remove 5.copy 6.append    =
= 7.insert 8.login 9.dispStudent(5_3) 10.dispPhone(5_3)        =
= 11.find(6_1) 12.wrapper(6_1) 13.shuffle(6_1) 14.setDate(6_1) =
= 15.chAddress(6_2) 16.collections(7_1) 17.fileManager(8_1)    =
================================================================
menu item? 17

====================== File Management Menu =====================
= 0.exit 1.fileList 2.delete 3.rename 4.addFiles 5.addDir       =
= 6.deleteAll 7.show 8.copy 9.append 10.display 11.clear 12.add =
= 13.saveText   14.loadText   15.saveTextAs   16.loadTextFrom   =
= 17.saveBinary 18.loadBinary 19.saveBinaryAs 20.loadBinaryFrom =
=================================================================
menu item? 6
-----------------
[data] directory: 0 files

====================== File Management Menu =====================
= 0.exit 1.fileList 2.delete 3.rename 4.addFiles 5.addDir       =
= 6.deleteAll 7.show 8.copy 9.append 10.display 11.clear 12.add =
= 13.saveText   14.loadText   15.saveTextAs   16.loadTextFrom   =
= 17.saveBinary 18.loadBinary 19.saveBinaryAs 20.loadBinaryFrom =
=================================================================
menu item? 10
[0] p0 10 70.0 false :Gwangju ,Nam-gu , Bongseon-dong 21:
[1] p1 11 61.1 true :Jong-ro 1-gil,Jongno-gu,   Seoul:
[2] s1 1 65.4 true :Jongno-gu Seoul: Physics 3.8 1
[3] s2 2 54.3 false :Yeonje-gu Busan: Electronics 2.5 4
[4] w1 3 33.3 false :Kangnam-gu Seoul: Samsung Director
[5] w2 4 44.4 true :Dobong-gu Kwangju: Hyundai Manager
-----------------
6 entries

====================== File Management Menu =====================
= 0.exit 1.fileList 2.delete 3.rename 4.addFiles 5.addDir       =
= 6.deleteAll 7.show 8.copy 9.append 10.display 11.clear 12.add =
= 13.saveText   14.loadText   15.saveTextAs   16.loadTextFrom   =
= 17.saveBinary 18.loadBinary 19.saveBinaryAs 20.loadBinaryFrom =
=================================================================
menu item? 17
[0] persons.bin          F 2023-11-15 07:13       338
-----------------
[data] directory: 1 files

====================== File Management Menu =====================
= 0.exit 1.fileList 2.delete 3.rename 4.addFiles 5.addDir       =
= 6.deleteAll 7.show 8.copy 9.append 10.display 11.clear 12.add =
= 13.saveText   14.loadText   15.saveTextAs   16.loadTextFrom   =
= 17.saveBinary 18.loadBinary 19.saveBinaryAs 20.loadBinaryFrom =
=================================================================
menu item? 11
-----------------
0 entries

====================== File Management Menu =====================
= 0.exit 1.fileList 2.delete 3.rename 4.addFiles 5.addDir       =
= 6.deleteAll 7.show 8.copy 9.append 10.display 11.clear 12.add =
= 13.saveText   14.loadText   15.saveTextAs   16.loadTextFrom   =
= 17.saveBinary 18.loadBinary 19.saveBinaryAs 20.loadBinaryFrom =
=================================================================
menu item? 18
[0] p0 10 70.0 false :Gwangju ,Nam-gu , Bongseon-dong 21:
[1] p1 11 61.1 true :Jong-ro 1-gil,Jongno-gu,   Seoul:
[2] s1 1 65.4 true :Jongno-gu Seoul: Physics 3.8 1
[3] s2 2 54.3 false :Yeonje-gu Busan: Electronics 2.5 4
[4] w1 3 33.3 false :Kangnam-gu Seoul: Samsung Director
[5] w2 4 44.4 true :Dobong-gu Kwangju: Hyundai Manager
-----------------
6 entries

====================== File Management Menu =====================
= 0.exit 1.fileList 2.delete 3.rename 4.addFiles 5.addDir       =
= 6.deleteAll 7.show 8.copy 9.append 10.display 11.clear 12.add =
= 13.saveText   14.loadText   15.saveTextAs   16.loadTextFrom   =
= 17.saveBinary 18.loadBinary 19.saveBinaryAs 20.loadBinaryFrom =
=================================================================
menu item? 0

=================== Person Management Menu =====================
= 0.exit 1.display 2.clear 3.reset 4.remove 5.copy 6.append    =
= 7.insert 8.login 9.dispStudent(5_3) 10.dispPhone(5_3)        =
= 11.find(6_1) 12.wrapper(6_1) 13.shuffle(6_1) 14.setDate(6_1) =
= 15.chAddress(6_2) 16.collections(7_1) 17.fileManager(8_1)    =
================================================================
menu item? 0

************* Main Menu **************
* 0.exit 1.PersonManager 2.ch2 3.ch3 *
* 4.ch5 5.PMbyMap 6.MyVectorTest     *
**************************************
menu item? 0

Good bye!!
