
******* Main Menu ********
* 0.exit 1.PersonManager *
* 2.ch2 3.ch3 4.ch5      *
**************************
menu item? 1
[0] p0 10 70.0 false :Gwangju ,Nam-gu , Bongseon-dong 21:
[1] p1 11 61.1 true :Jong-ro 1-gil,Jongno-gu,   Seoul:
[2] s1 1 65.4 true :Jongno-gu Seoul: Physics 3.8 1
[3] s2 2 54.3 false :Yeonje-gu Busan: Electronics 2.5 4
[4] w1 3 33.3 false :Kangnam-gu Seoul: Samsung Director
[5] w2 4 44.4 true :Dobong-gu Kwangju: Hyundai Manager

=================== Person Management Menu =====================
= 0.exit 1.display 2.clear 3.reset 4.remove 5.copy 6.append    =
= 7.insert 8.login 9.dispStudent(5_3) 10.dispPhone(5_3)        =
= 11.find(6_1) 12.wrapper(6_1) 13.shuffle(6_1) 14.setDate(6_1) =
= 15.chAddress(6_2)                                            =
================================================================
menu item? 8
user name: s1
password: 

++++++++++++++++++++++ Current User Menu ++++++++++++++++++++++++
+ 0.logout 1.display 2.getter 3.setter 4.copy 5.whatAreYouDoing +
+ 6.isSame 7.update 8.chPasswd(4_2) 9.chSmartPhone(5_3)         +
+ 10.clone(5_3) 11.calc(5_3) 12.phoneCall(5_3) 13.chWeight(6_1) +
+ 14.calcString(6_2) 15.memo(6_2)                               +
+++++++++++++++++++++++++++++++++++++++++++++++++++++++++++++++++
menu item? 15

+++++++++++++++++++++ Memo Management Menu +++++++++++++++++++
+ 0.exit 1.display 2.find 3.findReplace 4.compare 5.dispByLn +
+ 6.delLn 7.replLn 8.scrollUp 9.scrollDown 10.inputMemo      +
++++++++++++++++++++++++++++++++++++++++++++++++++++++++++++++
menu item? 1
------- Memo -------
The Last of the Mohicans
James Fenimore Cooper
Author's Introduction
It is believed that the scene of this tale, and most of the information
necessary to understand its allusions, are rendered sufficiently 
obvious to the reader in the text itself, or in the accompanying notes.
Still there is so much obscurity in the Indian traditions, and so much
confusion in the Indian names, as to render some explanation useful.
Few men exhibit greater diversity, or, if we may so express it, 
greater antithesis of character, 
than the native warrior of North America.
--------------------

+++++++++++++++++++++ Memo Management Menu +++++++++++++++++++
+ 0.exit 1.display 2.find 3.findReplace 4.compare 5.dispByLn +
+ 6.delLn 7.replLn 8.scrollUp 9.scrollDown 10.inputMemo      +
++++++++++++++++++++++++++++++++++++++++++++++++++++++++++++++
menu item? 10
--- input memo lines, and then input empty line at the end ---


+++++++++++++++++++++ Memo Management Menu +++++++++++++++++++
+ 0.exit 1.display 2.find 3.findReplace 4.compare 5.dispByLn +
+ 6.delLn 7.replLn 8.scrollUp 9.scrollDown 10.inputMemo      +
++++++++++++++++++++++++++++++++++++++++++++++++++++++++++++++
menu item? 1
------- Memo -------
--------------------

+++++++++++++++++++++ Memo Management Menu +++++++++++++++++++
+ 0.exit 1.display 2.find 3.findReplace 4.compare 5.dispByLn +
+ 6.delLn 7.replLn 8.scrollUp 9.scrollDown 10.inputMemo      +
++++++++++++++++++++++++++++++++++++++++++++++++++++++++++++++
menu item? 5
--- Memo by line ---
--------------------

+++++++++++++++++++++ Memo Management Menu +++++++++++++++++++
+ 0.exit 1.display 2.find 3.findReplace 4.compare 5.dispByLn +
+ 6.delLn 7.replLn 8.scrollUp 9.scrollDown 10.inputMemo      +
++++++++++++++++++++++++++++++++++++++++++++++++++++++++++++++
menu item? 10
--- input memo lines, and then input empty line at the end ---
In war, he is daring, boastful, cunning, ruthless, self-denying,
and self-devoted; in peace, just, generous, hospitable, revengeful,
superstitious, modest, and commonly chaste.
These are qualities, it is true, which do not distinguish all alike;
but they are so far the predominating traits of these remarkable people
as to be characteristic.
It is generally believed that the Aborigines of the American continent
have an Asiatic origin.


+++++++++++++++++++++ Memo Management Menu +++++++++++++++++++
+ 0.exit 1.display 2.find 3.findReplace 4.compare 5.dispByLn +
+ 6.delLn 7.replLn 8.scrollUp 9.scrollDown 10.inputMemo      +
++++++++++++++++++++++++++++++++++++++++++++++++++++++++++++++
menu item? 1
------- Memo -------
In war, he is daring, boastful, cunning, ruthless, self-denying,
and self-devoted; in peace, just, generous, hospitable, revengeful,
superstitious, modest, and commonly chaste.
These are qualities, it is true, which do not distinguish all alike;
but they are so far the predominating traits of these remarkable people
as to be characteristic.
It is generally believed that the Aborigines of the American continent
have an Asiatic origin.
--------------------

+++++++++++++++++++++ Memo Management Menu +++++++++++++++++++
+ 0.exit 1.display 2.find 3.findReplace 4.compare 5.dispByLn +
+ 6.delLn 7.replLn 8.scrollUp 9.scrollDown 10.inputMemo      +
++++++++++++++++++++++++++++++++++++++++++++++++++++++++++++++
menu item? 0

++++++++++++++++++++++ Current User Menu ++++++++++++++++++++++++
+ 0.logout 1.display 2.getter 3.setter 4.copy 5.whatAreYouDoing +
+ 6.isSame 7.update 8.chPasswd(4_2) 9.chSmartPhone(5_3)         +
+ 10.clone(5_3) 11.calc(5_3) 12.phoneCall(5_3) 13.chWeight(6_1) +
+ 14.calcString(6_2) 15.memo(6_2)                               +
+++++++++++++++++++++++++++++++++++++++++++++++++++++++++++++++++
menu item? 0

=================== Person Management Menu =====================
= 0.exit 1.display 2.clear 3.reset 4.remove 5.copy 6.append    =
= 7.insert 8.login 9.dispStudent(5_3) 10.dispPhone(5_3)        =
= 11.find(6_1) 12.wrapper(6_1) 13.shuffle(6_1) 14.setDate(6_1) =
= 15.chAddress(6_2)                                            =
================================================================
menu item? 0

******* Main Menu ********
* 0.exit 1.PersonManager *
* 2.ch2 3.ch3 4.ch5      *
**************************
menu item? 0

Good bye!!
