
******* Main Menu ********
* 0.exit 1.PersonManager *
* 2.ch2 3.ch3 4.ch5      *
**************************
menu item? 1
[0] p0 10 70.0 false :Gwangju ,Nam-gu , Bongseon-dong 21:
[1] p1 11 61.1 true :Jong-ro 1-gil,Jongno-gu,   Seoul:
[2] s1 1 65.4 true :Jongno-gu Seoul: Physics 3.8 1
[3] s2 2 54.3 false :Yeonje-gu Busan: Electronics 2.5 4
[4] w1 3 33.3 false :Kangnam-gu Seoul: Samsung Director
[5] w2 4 44.4 true :Dobong-gu Kwangju: Hyundai Manager

=================== Person Management Menu =====================
= 0.exit 1.display 2.clear 3.reset 4.remove 5.copy 6.append    =
= 7.insert 8.login 9.dispStudent(5_3) 10.dispPhone(5_3)        =
= 11.find(6_1) 12.wrapper(6_1) 13.shuffle(6_1) 14.setDate(6_1) =
= 15.chAddress(6_2)                                            =
================================================================
menu item? 8
user name: s1
password: 

++++++++++++++++++++++ Current User Menu ++++++++++++++++++++++++
+ 0.logout 1.display 2.getter 3.setter 4.copy 5.whatAreYouDoing +
+ 6.isSame 7.update 8.chPasswd(4_2) 9.chSmartPhone(5_3)         +
+ 10.clone(5_3) 11.calc(5_3) 12.phoneCall(5_3) 13.chWeight(6_1) +
+ 14.calcString(6_2) 15.memo(6_2)                               +
+++++++++++++++++++++++++++++++++++++++++++++++++++++++++++++++++
menu item? 15

+++++++++++++++++++++ Memo Management Menu +++++++++++++++++++
+ 0.exit 1.display 2.find 3.findReplace 4.compare 5.dispByLn +
+ 6.delLn 7.replLn 8.scrollUp 9.scrollDown 10.inputMemo      +
++++++++++++++++++++++++++++++++++++++++++++++++++++++++++++++
menu item? 4
word to compare? is
less: 37
same: 2
larger: 53

+++++++++++++++++++++ Memo Management Menu +++++++++++++++++++
+ 0.exit 1.display 2.find 3.findReplace 4.compare 5.dispByLn +
+ 6.delLn 7.replLn 8.scrollUp 9.scrollDown 10.inputMemo      +
++++++++++++++++++++++++++++++++++++++++++++++++++++++++++++++
menu item? 4
word to compare? of
less: 53
same: 5
larger: 34

+++++++++++++++++++++ Memo Management Menu +++++++++++++++++++
+ 0.exit 1.display 2.find 3.findReplace 4.compare 5.dispByLn +
+ 6.delLn 7.replLn 8.scrollUp 9.scrollDown 10.inputMemo      +
++++++++++++++++++++++++++++++++++++++++++++++++++++++++++++++
menu item? 4
word to compare? the
less: 73
same: 9
larger: 10

+++++++++++++++++++++ Memo Management Menu +++++++++++++++++++
+ 0.exit 1.display 2.find 3.findReplace 4.compare 5.dispByLn +
+ 6.delLn 7.replLn 8.scrollUp 9.scrollDown 10.inputMemo      +
++++++++++++++++++++++++++++++++++++++++++++++++++++++++++++++
menu item? 0

++++++++++++++++++++++ Current User Menu ++++++++++++++++++++++++
+ 0.logout 1.display 2.getter 3.setter 4.copy 5.whatAreYouDoing +
+ 6.isSame 7.update 8.chPasswd(4_2) 9.chSmartPhone(5_3)         +
+ 10.clone(5_3) 11.calc(5_3) 12.phoneCall(5_3) 13.chWeight(6_1) +
+ 14.calcString(6_2) 15.memo(6_2)                               +
+++++++++++++++++++++++++++++++++++++++++++++++++++++++++++++++++
menu item? 0

=================== Person Management Menu =====================
= 0.exit 1.display 2.clear 3.reset 4.remove 5.copy 6.append    =
= 7.insert 8.login 9.dispStudent(5_3) 10.dispPhone(5_3)        =
= 11.find(6_1) 12.wrapper(6_1) 13.shuffle(6_1) 14.setDate(6_1) =
= 15.chAddress(6_2)                                            =
================================================================
menu item? 0

******* Main Menu ********
* 0.exit 1.PersonManager *
* 2.ch2 3.ch3 4.ch5      *
**************************
menu item? 0

Good bye!!
